2026-09-12 13:26:41.865 Debug log started. PERF v1: 120 callbacks/batch; batch 0 includes warmup; host elapsed ms; Debug only.
2026-09-12 13:26:41.866 InitializeBreathPlugin: host version=2010301.
2026-09-12 13:26:44.797 Runtime deformation path: D3D11 GPU; 1125x1500 format=10; half conversion=LUT64K.
2026-09-12 13:26:51.019 PERF stage=capture batch=0 n=120 mean_ms=8.0763 max_ms=17.2746
2026-09-12 13:26:51.019 PERF stage=gpu_setup batch=0 n=120 mean_ms=2.5885 max_ms=4.7242
2026-09-12 13:26:51.020 PERF stage=gpu_submit batch=0 n=120 mean_ms=0.1915 max_ms=0.8045
2026-09-12 13:26:51.020 PERF stage=readback_wait batch=0 n=120 mean_ms=4.3522 max_ms=6.1165
2026-09-12 13:26:51.021 PERF stage=pixel_convert batch=0 n=120 mean_ms=6.3795 max_ms=8.2201
2026-09-12 13:26:51.021 PERF stage=set_image batch=0 n=120 mean_ms=0.9464 max_ms=1.2651
2026-09-12 13:26:51.022 PERF stage=gpu_total batch=0 n=120 mean_ms=14.4660 max_ms=19.1936
2026-09-12 13:26:51.022 PERF stage=callback_total batch=0 n=120 mean_ms=22.5483 max_ms=36.4745
2026-09-12 13:26:55.065 PERF stage=capture batch=1 n=120 mean_ms=7.2047 max_ms=12.6444
2026-09-12 13:26:55.066 PERF stage=gpu_setup batch=1 n=120 mean_ms=2.6182 max_ms=3.7598
2026-09-12 13:26:55.066 PERF stage=gpu_submit batch=1 n=120 mean_ms=0.1853 max_ms=0.5720
2026-09-12 13:26:55.066 PERF stage=readback_wait batch=1 n=120 mean_ms=4.2620 max_ms=6.9437
2026-09-12 13:26:55.068 PERF stage=pixel_convert batch=1 n=120 mean_ms=6.0262 max_ms=7.3647
2026-09-12 13:26:55.068 PERF stage=set_image batch=1 n=120 mean_ms=0.8883 max_ms=1.0713
2026-09-12 13:26:55.068 PERF stage=gpu_total batch=1 n=120 mean_ms=13.9845 max_ms=16.5471
2026-09-12 13:26:55.068 PERF stage=callback_total batch=1 n=120 mean_ms=21.1946 max_ms=25.0606
2026-09-12 13:26:59.105 PERF stage=capture batch=2 n=120 mean_ms=7.7085 max_ms=12.7809
2026-09-12 13:26:59.105 PERF stage=gpu_setup batch=2 n=120 mean_ms=2.7113 max_ms=5.6025
2026-09-12 13:26:59.105 PERF stage=gpu_submit batch=2 n=120 mean_ms=0.1875 max_ms=0.6127
2026-09-12 13:26:59.105 PERF stage=readback_wait batch=2 n=120 mean_ms=4.2591 max_ms=6.7512
2026-09-12 13:26:59.105 PERF stage=pixel_convert batch=2 n=120 mean_ms=6.0280 max_ms=7.5304
2026-09-12 13:26:59.107 PERF stage=set_image batch=2 n=120 mean_ms=0.8905 max_ms=1.1403
2026-09-12 13:26:59.107 PERF stage=gpu_total batch=2 n=120 mean_ms=14.0810 max_ms=17.2847
2026-09-12 13:26:59.107 PERF stage=callback_total batch=2 n=120 mean_ms=21.7947 max_ms=24.9099
2026-09-12 13:27:03.108 PERF stage=capture batch=3 n=120 mean_ms=7.5646 max_ms=12.0365
2026-09-12 13:27:03.108 PERF stage=gpu_setup batch=3 n=120 mean_ms=2.7094 max_ms=4.3739
2026-09-12 13:27:03.109 PERF stage=gpu_submit batch=3 n=120 mean_ms=0.2207 max_ms=1.7222
2026-09-12 13:27:03.109 PERF stage=readback_wait batch=3 n=120 mean_ms=4.2946 max_ms=6.7397
2026-09-12 13:27:03.110 PERF stage=pixel_convert batch=3 n=120 mean_ms=6.0144 max_ms=7.5340
2026-09-12 13:27:03.110 PERF stage=set_image batch=3 n=120 mean_ms=0.8993 max_ms=1.2196
2026-09-12 13:27:03.110 PERF stage=gpu_total batch=3 n=120 mean_ms=14.1431 max_ms=16.7804
2026-09-12 13:27:03.110 PERF stage=callback_total batch=3 n=120 mean_ms=21.7130 max_ms=25.2320
2026-09-12 13:27:07.109 PERF stage=capture batch=4 n=120 mean_ms=7.4527 max_ms=13.1418
2026-09-12 13:27:07.109 PERF stage=gpu_setup batch=4 n=120 mean_ms=2.6947 max_ms=4.4191
2026-09-12 13:27:07.110 PERF stage=gpu_submit batch=4 n=120 mean_ms=0.2274 max_ms=2.7709
2026-09-12 13:27:07.110 PERF stage=readback_wait batch=4 n=120 mean_ms=4.2880 max_ms=6.1912
2026-09-12 13:27:07.110 PERF stage=pixel_convert batch=4 n=120 mean_ms=6.0168 max_ms=7.6277
2026-09-12 13:27:07.111 PERF stage=set_image batch=4 n=120 mean_ms=0.8970 max_ms=1.1306
2026-09-12 13:27:07.111 PERF stage=gpu_total batch=4 n=120 mean_ms=14.1286 max_ms=16.9401
2026-09-12 13:27:07.111 PERF stage=callback_total batch=4 n=120 mean_ms=21.5874 max_ms=25.8836
2026-09-12 13:27:11.044 PERF stage=capture batch=5 n=120 mean_ms=7.5137 max_ms=12.9537
2026-09-12 13:27:11.044 PERF stage=gpu_setup batch=5 n=120 mean_ms=2.7069 max_ms=5.2255
2026-09-12 13:27:11.045 PERF stage=gpu_submit batch=5 n=120 mean_ms=0.2035 max_ms=1.4637
2026-09-12 13:27:11.045 PERF stage=readback_wait batch=5 n=120 mean_ms=4.1545 max_ms=8.4475
2026-09-12 13:27:11.046 PERF stage=pixel_convert batch=5 n=120 mean_ms=5.8089 max_ms=7.1075
2026-09-12 13:27:11.046 PERF stage=set_image batch=5 n=120 mean_ms=0.8775 max_ms=1.1074
2026-09-12 13:27:11.046 PERF stage=gpu_total batch=5 n=120 mean_ms=13.7556 max_ms=17.9196
2026-09-12 13:27:11.047 PERF stage=callback_total batch=5 n=120 mean_ms=21.2746 max_ms=25.3662
2026-09-12 13:27:15.047 PERF stage=capture batch=6 n=120 mean_ms=7.3021 max_ms=14.4526
2026-09-12 13:27:15.048 PERF stage=gpu_setup batch=6 n=120 mean_ms=2.7399 max_ms=4.1934
2026-09-12 13:27:15.048 PERF stage=gpu_submit batch=6 n=120 mean_ms=0.2093 max_ms=1.1476
2026-09-12 13:27:15.048 PERF stage=readback_wait batch=6 n=120 mean_ms=4.2668 max_ms=8.5729
2026-09-12 13:27:15.049 PERF stage=pixel_convert batch=6 n=120 mean_ms=5.9648 max_ms=7.4680
2026-09-12 13:27:15.049 PERF stage=set_image batch=6 n=120 mean_ms=0.8971 max_ms=1.2030
2026-09-12 13:27:15.049 PERF stage=gpu_total batch=6 n=120 mean_ms=14.0828 max_ms=18.3255
2026-09-12 13:27:15.050 PERF stage=callback_total batch=6 n=120 mean_ms=21.3907 max_ms=26.2109
